// Jest Snapshot v1, https://goo.gl/fbAQLP

exports[`displays correctly 1`] = `
<div>
  <header
    class="header"
  >
    <h2>
      content
    </h2>
    <button
      aria-label="Close the dialog"
      class="button medium transparent"
      tabindex="0"
      type="button"
    >
      <svg
        fill="none"
        height="1em"
        stroke="currentColor"
        stroke-linecap="round"
        stroke-linejoin="round"
        stroke-width="2"
        viewBox="0 0 24 24"
        width="1em"
      >
        <line
          x1="18"
          x2="6"
          y1="6"
          y2="18"
        />
        <line
          x1="6"
          x2="18"
          y1="6"
          y2="18"
        />
      </svg>
    </button>
  </header>
</div>
`;
